Error: Could not parse for environment production: Syntax error at end of input (file: /workspace/vim/neomake/tests/fixtures/input/puppet/syntax-error-eoi.pp)
