Error: Could not parse for environment production: Syntax error at 'file' (file: /workspace/vim/neomake/tests/fixtures/input/puppet/syntax-error.pp, line: 3, column: 3)
