tests/fixtures/input/puppet-lint/err_and_warn.pp:4:10:warning:[arrow_alignment] indentation of => is not properly aligned (expected in column 12, but found it in column 10)
